C51 COMPILER V9.52.0.0   MAIN                                                              04/09/2016 13:05:47 PAGE 1   


C51 COMPILER V9.52.0.0, COMPILATION OF MODULE MAIN
OBJECT MODULE PLACED IN main.OBJ
COMPILER INVOKED BY: F:\Keil\C51\BIN\C51.EXE main.c LARGE BROWSE DEBUG OBJECTEXTEND TABS(2)

line level    source

   1          #include "config.h"
   2          //*****************s*外部变量引用********************************/
   3          extern u8 time_counter;//timer0 计数
   4          extern u8 line_counter;//黑线 计数
   5          extern u8 time1_counter;//timer1 计数
   6          extern bit update_flag;//timer0 计数标记
   7          extern bit tl_flag;//0正常前行 1 turn left
   8          extern bit over_flag; //
   9          extern u8 g;//0为前车 1为后车
  10          /*************************说明*********************************/
  11          //电机模块管脚
  12          //将右电机信号线接P25 pwm0
  13          //将左电机信号线接P26 pwm1
  14          //将左反转信号线接P27 pwm2
  15          //中间红外线循迹灯接P3^2  INT0 为下降沿外部中断用于标记线计数
  16          //红外循迹,左侧接P0^1 右侧P0^2
  17          /**************************************************************/
  18          //压线标志位
  19          bit L1=0;//最左侧标志位
  20          bit L2=0;//最右侧标志位
  21          //bit L3=0;
  22          //bit L4=0;
  23          
  24          u8 flag=0;
  25          /*************************主函数***********************************/
  26          void main()
  27          { 
  28   1        char dis_code[10]={"---cm"};
  29   1        Initialize_LCD();// init LCD1602
  30   1        PCA_Init();//pwm初始化
  31   1        Timer_config();
  32   1      //  EXTI_config();
  33   1        EA=1;
  34   1        P27=0;
  35   1        P45=0;
  36   1        check();//初始化检测前方小车
  37   1        forward(); //直行
  38   1      
  39   1        ClearLine(1);                 //LCD删行
  40   1        ClearLine(2);
  41   1      
  42   1        //调试用 1-255
  43   1        delay_ms(200);
  44   1              PutString(1,1,"Line_counter:");       //LCD显示   
  45   1      
  46   1          WriteChar(1,7,line_counter);
  47   1          PutString(2,1,dis_code);
  48   1      //    PutString(2,7,"mode:");
  49   1        while(1)
  50   1        { 
  51   2          pwm_leftback(speed);
  52   2      //    Inline();
  53   2         }
  54   1       }
  55          
C51 COMPILER V9.52.0.0   MAIN                                                              04/09/2016 13:05:47 PAGE 2   

  56          


MODULE INFORMATION:   STATIC OVERLAYABLE
   CODE SIZE        =    100    ----
   CONSTANT SIZE    =     24    ----
   XDATA SIZE       =      1      10
   PDATA SIZE       =   ----    ----
   DATA SIZE        =   ----    ----
   IDATA SIZE       =   ----    ----
   BIT SIZE         =      2    ----
END OF MODULE INFORMATION.


C51 COMPILATION COMPLETE.  0 WARNING(S),  0 ERROR(S)
